// Jest Snapshot v1, https://goo.gl/fbAQLP

exports[`readRepositoryConfig reads 1`] = `
Object {
  "filePatterns": Array [
    "**/*.ts?(x)",
    "**/*.js?(x)",
  ],
  "githubToken": "9f34b25031f006e5df9e5e8178e18df9f162f962",
  "issueLabel": "TODO",
  "repo": Object {
    "name": "todo2issue",
    "owner": "salsita",
  },
}
`;
