// Jest Snapshot v1, https://goo.gl/fbAQLP

exports[`readRepositoryConfig reads 1`] = `
Object {
  "authorsByEmail": Object {
    "jirist@salsitasoft.com": "goce-cz",
  },
  "branch": "master",
  "filePatterns": Array [
    "sample/**/*.ts?(x)",
    "sample/**/*.js?(x)",
  ],
  "issueLabel": "TODO",
  "repo": Object {
    "name": "todo2issue",
    "owner": "salsita",
  },
}
`;
