// Jest Snapshot v1, https://goo.gl/fbAQLP

exports[`findAuthors finds authors 1`] = `
Array [
  Object {
    "author": "goce-cz",
    "filename": "sample/src/index.ts",
    "line": 1,
    "tag": "TODO",
    "text": "A",
  },
  Object {
    "author": "goce-cz",
    "filename": "sample/src/index.ts",
    "line": 4,
    "tag": "TODO",
    "text": "B",
  },
  Object {
    "author": "goce-cz",
    "filename": "sample/src/helpers/helper.ts",
    "line": 1,
    "tag": "TODO",
    "text": "C",
  },
  Object {
    "author": "goce-cz",
    "filename": "sample/src/index.ts",
    "line": 16,
    "tag": "TODO",
    "text": "line comments",
  },
]
`;
